
#### 测试内容
使用GCLogAnalysis.java程序不同垃圾回收算法的表现，观察日志；

#####1 串行垃圾回收

运行命令: ``java -XX:+UseSerialGC -Xms512m -Xmx512m -Xloggc:serial.log -XX:+PrintGCDetails -XX:+PrintGCDateStamps GCLogAnalysis``

``Java HotSpot(TM) 64-Bit Server VM (25.181-b13) for windows-amd64 JRE (1.8.0_181-b13), built on Jul  7 2018 04:01:33 by "java_re" with MS VC++ 10.0 (VS2010)
  Memory: 4k page, physical 8244648k(1016160k free), swap 22376432k(5320740k free)
  CommandLine flags: -XX:InitialHeapSize=536870912 -XX:MaxHeapSize=536870912 -XX:+PrintGC -XX:+PrintGCDateStamps -XX:+PrintGCDetails -XX:+PrintGCTimeStamps -XX:+UseCompressedClassPointers -XX:+UseCompressedOops -XX:-UseLargePagesIndividualAllocation -XX:+UseSerialGC 
  2020-10-28T23:38:18.730+0800: 0.226: [GC (Allocation Failure) 2020-10-28T23:38:18.731+0800: 0.228: [DefNew: 139776K->17472K(157248K), 0.0298654 secs] 139776K->46717K(506816K), 0.0316274 secs] [Times: user=0.02 sys=0.00, real=0.03 secs] 
  2020-10-28T23:38:18.787+0800: 0.284: [GC (Allocation Failure) 2020-10-28T23:38:18.787+0800: 0.284: [DefNew: 157176K->17470K(157248K), 0.0376342 secs] 186421K->93860K(506816K), 0.0377250 secs] [Times: user=0.02 sys=0.03, real=0.04 secs] 
  2020-10-28T23:38:18.849+0800: 0.344: [GC (Allocation Failure) 2020-10-28T23:38:18.849+0800: 0.344: [DefNew: 157246K->17472K(157248K), 0.0337192 secs] 233636K->143151K(506816K), 0.0338747 secs] [Times: user=0.02 sys=0.02, real=0.03 secs] 
  2020-10-28T23:38:18.906+0800: 0.403: [GC (Allocation Failure) 2020-10-28T23:38:18.906+0800: 0.403: [DefNew: 157248K->17470K(157248K), 0.0248038 secs] 282927K->183934K(506816K), 0.0249027 secs] [Times: user=0.02 sys=0.00, real=0.03 secs] 
  2020-10-28T23:38:18.961+0800: 0.456: [GC (Allocation Failure) 2020-10-28T23:38:18.961+0800: 0.456: [DefNew: 157246K->17469K(157248K), 0.0268917 secs] 323710K->227217K(506816K), 0.0270532 secs] [Times: user=0.02 sys=0.02, real=0.03 secs] 
  2020-10-28T23:38:19.016+0800: 0.512: [GC (Allocation Failure) 2020-10-28T23:38:19.016+0800: 0.512: [DefNew: 157245K->17471K(157248K), 0.0272398 secs] 366993K->271975K(506816K), 0.0273554 secs] [Times: user=0.01 sys=0.02, real=0.03 secs] 
  2020-10-28T23:38:19.065+0800: 0.562: [GC (Allocation Failure) 2020-10-28T23:38:19.065+0800: 0.562: [DefNew: 157153K->17470K(157248K), 0.0313611 secs] 411656K->315289K(506816K), 0.0314651 secs] [Times: user=0.02 sys=0.02, real=0.03 secs] 
  2020-10-28T23:38:19.125+0800: 0.621: [GC (Allocation Failure) 2020-10-28T23:38:19.125+0800: 0.621: [DefNew: 157246K->157246K(157248K), 0.0000308 secs]2020-10-28T23:38:19.125+0800: 0.621: [Tenured: 297819K->258182K(349568K), 0.0614124 secs] 455065K->258182K(506816K), [Metaspace: 2679K->2679K(1056768K)], 0.0619140 secs] [Times: user=0.06 sys=0.00, real=0.06 secs] 
  2020-10-28T23:38:19.215+0800: 0.711: [GC (Allocation Failure) 2020-10-28T23:38:19.215+0800: 0.711: [DefNew: 139318K->17467K(157248K), 0.0102632 secs] 397500K->306673K(506816K), 0.0103583 secs] [Times: user=0.00 sys=0.00, real=0.01 secs] 
  2020-10-28T23:38:19.251+0800: 0.747: [GC (Allocation Failure) 2020-10-28T23:38:19.251+0800: 0.748: [DefNew: 157044K->17471K(157248K), 0.0275477 secs] 446251K->350646K(506816K), 0.0276598 secs] [Times: user=0.00 sys=0.03, real=0.03 secs] 
  2020-10-28T23:38:19.303+0800: 0.799: [GC (Allocation Failure) 2020-10-28T23:38:19.303+0800: 0.799: [DefNew: 157247K->157247K(157248K), 0.0000227 secs]2020-10-28T23:38:19.303+0800: 0.799: [Tenured: 333174K->303385K(349568K), 0.0621808 secs] 490422K->303385K(506816K), [Metaspace: 2679K->2679K(1056768K)], 0.0623290 secs] [Times: user=0.06 sys=0.00, real=0.06 secs] 
  2020-10-28T23:38:19.391+0800: 0.887: [GC (Allocation Failure) 2020-10-28T23:38:19.391+0800: 0.887: [DefNew: 139776K->17471K(157248K), 0.0143534 secs] 443161K->351773K(506816K), 0.0145219 secs] [Times: user=0.02 sys=0.00, real=0.01 secs] 
  2020-10-28T23:38:19.429+0800: 0.925: [GC (Allocation Failure) 2020-10-28T23:38:19.429+0800: 0.926: [DefNew: 157206K->157206K(157248K), 0.0000233 secs]2020-10-28T23:38:19.429+0800: 0.926: [Tenured: 334301K->331361K(349568K), 0.0655894 secs] 491508K->331361K(506816K), [Metaspace: 2679K->2679K(1056768K)], 0.0657368 secs] [Times: user=0.06 sys=0.00, real=0.07 secs] 
  2020-10-28T23:38:19.521+0800: 1.018: [GC (Allocation Failure) 2020-10-28T23:38:19.521+0800: 1.018: [DefNew: 139104K->139104K(157248K), 0.0001196 secs]2020-10-28T23:38:19.522+0800: 1.018: [Tenured: 331361K->323443K(349568K), 0.0745841 secs] 470465K->323443K(506816K), [Metaspace: 2679K->2679K(1056768K)], 0.0748335 secs] [Times: user=0.06 sys=0.00, real=0.08 secs] 
  Heap
   def new generation   total 157248K, used 121527K [0x00000000e0000000, 0x00000000eaaa0000, 0x00000000eaaa0000)
    eden space 139776K,  86% used [0x00000000e0000000, 0x00000000e76adf00, 0x00000000e8880000)
    from space 17472K,   0% used [0x00000000e8880000, 0x00000000e8880000, 0x00000000e9990000)
    to   space 17472K,   0% used [0x00000000e9990000, 0x00000000e9990000, 0x00000000eaaa0000)
   tenured generation   total 349568K, used 323443K [0x00000000eaaa0000, 0x0000000100000000, 0x0000000100000000)
     the space 349568K,  92% used [0x00000000eaaa0000, 0x00000000fe67cce0, 0x00000000fe67ce00, 0x0000000100000000)
   Metaspace       used 2686K, capacity 4486K, committed 4864K, reserved 1056768K
    class space    used 289K, capacity 386K, committed 512K, reserved 1048576K
``

######2 并行垃圾回收器

运行命令：``java -XX:+UseParallelGC -Xms512m -Xmx512m -Xloggc:parallel.log -XX:+PrintGCDetails -XX:+PrintGCDateStamps GCLogAnalysis`

``Java HotSpot(TM) 64-Bit Server VM (25.181-b13) for windows-amd64 JRE (1.8.0_181-b13), built on Jul  7 2018 04:01:33 by "java_re" with MS VC++ 10.0 (VS2010)
  Memory: 4k page, physical 8244648k(1215820k free), swap 22376432k(5371404k free)
  CommandLine flags: -XX:InitialHeapSize=536870912 -XX:MaxHeapSize=536870912 -XX:+PrintGC -XX:+PrintGCDateStamps -XX:+PrintGCDetails -XX:+PrintGCTimeStamps -XX:+UseCompressedClassPointers -XX:+UseCompressedOops -XX:-UseLargePagesIndividualAllocation -XX:+UseParallelGC 
  2020-10-28T23:41:53.251+0800: 0.227: [GC (Allocation Failure) [PSYoungGen: 131584K->21489K(153088K)] 131584K->46002K(502784K), 0.0147006 secs] [Times: user=0.03 sys=0.08, real=0.02 secs] 
  2020-10-28T23:41:53.294+0800: 0.269: [GC (Allocation Failure) [PSYoungGen: 153073K->21503K(153088K)] 177586K->85529K(502784K), 0.0196110 secs] [Times: user=0.05 sys=0.00, real=0.02 secs] 
  2020-10-28T23:41:53.342+0800: 0.317: [GC (Allocation Failure) [PSYoungGen: 152973K->21502K(153088K)] 216998K->136192K(502784K), 0.0209052 secs] [Times: user=0.01 sys=0.09, real=0.02 secs] 
  2020-10-28T23:41:53.387+0800: 0.363: [GC (Allocation Failure) [PSYoungGen: 153086K->21493K(153088K)] 267776K->181827K(502784K), 0.0190963 secs] [Times: user=0.05 sys=0.06, real=0.02 secs] 
  2020-10-28T23:41:53.436+0800: 0.412: [GC (Allocation Failure) [PSYoungGen: 153077K->21483K(153088K)] 313411K->219553K(502784K), 0.0163413 secs] [Times: user=0.03 sys=0.09, real=0.02 secs] 
  2020-10-28T23:41:53.484+0800: 0.460: [GC (Allocation Failure) [PSYoungGen: 153067K->21497K(80384K)] 351137K->259635K(430080K), 0.0181141 secs] [Times: user=0.06 sys=0.05, real=0.02 secs] 
  2020-10-28T23:41:53.513+0800: 0.489: [GC (Allocation Failure) [PSYoungGen: 80377K->35897K(116736K)] 318515K->278620K(466432K), 0.0096389 secs] [Times: user=0.00 sys=0.00, real=0.01 secs] 
  2020-10-28T23:41:53.537+0800: 0.513: [GC (Allocation Failure) [PSYoungGen: 94185K->41888K(116736K)] 336908K->293608K(466432K), 0.0122049 secs] [Times: user=0.08 sys=0.00, real=0.01 secs] 
  2020-10-28T23:41:53.561+0800: 0.536: [GC (Allocation Failure) [PSYoungGen: 100708K->56102K(116736K)] 352428K->313386K(466432K), 0.0133563 secs] [Times: user=0.01 sys=0.05, real=0.01 secs] 
  2020-10-28T23:41:53.585+0800: 0.561: [GC (Allocation Failure) [PSYoungGen: 114791K->42913K(116736K)] 372074K->331250K(466432K), 0.0186398 secs] [Times: user=0.06 sys=0.06, real=0.02 secs] 
  2020-10-28T23:41:53.618+0800: 0.594: [GC (Allocation Failure) [PSYoungGen: 101793K->17698K(116736K)] 390130K->347556K(466432K), 0.0180781 secs] [Times: user=0.06 sys=0.03, real=0.02 secs] 
  2020-10-28T23:41:53.636+0800: 0.612: [Full GC (Ergonomics) [PSYoungGen: 17698K->0K(116736K)] [ParOldGen: 329858K->242693K(349696K)] 347556K->242693K(466432K), [Metaspace: 2679K->2679K(1056768K)], 0.0664713 secs] [Times: user=0.36 sys=0.01, real=0.07 secs] 
  2020-10-28T23:41:53.714+0800: 0.690: [GC (Allocation Failure) [PSYoungGen: 58825K->19720K(116736K)] 301518K->262414K(466432K), 0.0048056 secs] [Times: user=0.00 sys=0.02, real=0.01 secs] 
  2020-10-28T23:41:53.733+0800: 0.708: [GC (Allocation Failure) [PSYoungGen: 78465K->18032K(116736K)] 321158K->278984K(466432K), 0.0077477 secs] [Times: user=0.00 sys=0.00, real=0.01 secs] 
  2020-10-28T23:41:53.757+0800: 0.732: [GC (Allocation Failure) [PSYoungGen: 76912K->19469K(116736K)] 337864K->298024K(466432K), 0.0088265 secs] [Times: user=0.09 sys=0.00, real=0.01 secs] 
  2020-10-28T23:41:53.779+0800: 0.754: [GC (Allocation Failure) [PSYoungGen: 78349K->17075K(116736K)] 356904K->314666K(466432K), 0.0076527 secs] [Times: user=0.00 sys=0.00, real=0.01 secs] 
  2020-10-28T23:41:53.787+0800: 0.762: [Full GC (Ergonomics) [PSYoungGen: 17075K->0K(116736K)] [ParOldGen: 297590K->273617K(349696K)] 314666K->273617K(466432K), [Metaspace: 2679K->2679K(1056768K)], 0.0634193 secs] [Times: user=0.28 sys=0.00, real=0.06 secs] 
  2020-10-28T23:41:53.864+0800: 0.840: [GC (Allocation Failure) [PSYoungGen: 58880K->22553K(116736K)] 332497K->296170K(466432K), 0.0068396 secs] [Times: user=0.05 sys=0.00, real=0.01 secs] 
  2020-10-28T23:41:53.885+0800: 0.861: [GC (Allocation Failure) [PSYoungGen: 81374K->23077K(116736K)] 354991K->318017K(466432K), 0.0102587 secs] [Times: user=0.00 sys=0.02, real=0.01 secs] 
  2020-10-28T23:41:53.910+0800: 0.886: [GC (Allocation Failure) [PSYoungGen: 81957K->20532K(116736K)] 376897K->337670K(466432K), 0.0105700 secs] [Times: user=0.08 sys=0.00, real=0.01 secs] 
  2020-10-28T23:41:53.921+0800: 0.896: [Full GC (Ergonomics) [PSYoungGen: 20532K->0K(116736K)] [ParOldGen: 317138K->284901K(349696K)] 337670K->284901K(466432K), [Metaspace: 2679K->2679K(1056768K)], 0.0666715 secs] [Times: user=0.22 sys=0.00, real=0.07 secs] 
  2020-10-28T23:41:54.005+0800: 0.980: [GC (Allocation Failure) [PSYoungGen: 58724K->16987K(116736K)] 343626K->301889K(466432K), 0.0042143 secs] [Times: user=0.00 sys=0.00, real=0.00 secs] 
  2020-10-28T23:41:54.020+0800: 0.996: [GC (Allocation Failure) [PSYoungGen: 75867K->26303K(116736K)] 360769K->326604K(466432K), 0.0093956 secs] [Times: user=0.08 sys=0.00, real=0.01 secs] 
  2020-10-28T23:41:54.044+0800: 1.020: [GC (Allocation Failure) [PSYoungGen: 85183K->21627K(116736K)] 385484K->346412K(466432K), 0.0113895 secs] [Times: user=0.00 sys=0.00, real=0.01 secs] 
  2020-10-28T23:41:54.057+0800: 1.032: [Full GC (Ergonomics) [PSYoungGen: 21627K->0K(116736K)] [ParOldGen: 324784K->301227K(349696K)] 346412K->301227K(466432K), [Metaspace: 2679K->2679K(1056768K)], 0.0867070 secs] [Times: user=0.25 sys=0.00, real=0.09 secs] 
  Heap
   PSYoungGen      total 116736K, used 54284K [0x00000000f5580000, 0x0000000100000000, 0x0000000100000000)
    eden space 58880K, 92% used [0x00000000f5580000,0x00000000f8a83140,0x00000000f8f00000)
    from space 57856K, 0% used [0x00000000f8f00000,0x00000000f8f00000,0x00000000fc780000)
    to   space 57856K, 0% used [0x00000000fc780000,0x00000000fc780000,0x0000000100000000)
   ParOldGen       total 349696K, used 301227K [0x00000000e0000000, 0x00000000f5580000, 0x00000000f5580000)
    object space 349696K, 86% used [0x00000000e0000000,0x00000000f262aed8,0x00000000f5580000)
   Metaspace       used 2686K, capacity 4486K, committed 4864K, reserved 1056768K
    class space    used 289K, capacity 386K, committed 512K, reserved 1048576K
``

#####3 CMS垃圾回收

运行命令：``java -XX:+UseConcMarkSweepGC -Xms512m -Xmx512m -Xloggc:cms.log -XX:+PrintGCDetails -XX:+PrintGCDateStamps GCLogAnalysis`

``Java HotSpot(TM) 64-Bit Server VM (25.181-b13) for windows-amd64 JRE (1.8.0_181-b13), built on Jul  7 2018 04:01:33 by "java_re" with MS VC++ 10.0 (VS2010)
  Memory: 4k page, physical 8244648k(1194496k free), swap 22376356k(5337052k free)
  CommandLine flags: -XX:InitialHeapSize=536870912 -XX:MaxHeapSize=536870912 -XX:MaxNewSize=178958336 -XX:MaxTenuringThreshold=6 -XX:NewSize=178958336 -XX:OldPLABSize=16 -XX:OldSize=357912576 -XX:+PrintGC -XX:+PrintGCDateStamps -XX:+PrintGCDetails -XX:+PrintGCTimeStamps -XX:+UseCompressedClassPointers -XX:+UseCompressedOops -XX:+UseConcMarkSweepGC -XX:-UseLargePagesIndividualAllocation -XX:+UseParNewGC 
  2020-10-28T23:44:46.095+0800: 0.208: [GC (Allocation Failure) 2020-10-28T23:44:46.095+0800: 0.208: [ParNew: 139776K->17464K(157248K), 0.0115437 secs] 139776K->44606K(506816K), 0.0117526 secs] [Times: user=0.09 sys=0.02, real=0.01 secs] 
  2020-10-28T23:44:46.139+0800: 0.252: [GC (Allocation Failure) 2020-10-28T23:44:46.139+0800: 0.252: [ParNew: 157003K->17472K(157248K), 0.0164259 secs] 184145K->91227K(506816K), 0.0165317 secs] [Times: user=0.08 sys=0.03, real=0.02 secs] 
  2020-10-28T23:44:46.183+0800: 0.296: [GC (Allocation Failure) 2020-10-28T23:44:46.183+0800: 0.296: [ParNew: 156960K->17472K(157248K), 0.0312701 secs] 230716K->137005K(506816K), 0.0313939 secs] [Times: user=0.20 sys=0.02, real=0.03 secs] 
  2020-10-28T23:44:46.240+0800: 0.354: [GC (Allocation Failure) 2020-10-28T23:44:46.240+0800: 0.354: [ParNew: 157248K->17471K(157248K), 0.0313499 secs] 276781K->186860K(506816K), 0.0314664 secs] [Times: user=0.16 sys=0.05, real=0.03 secs] 
  2020-10-28T23:44:46.297+0800: 0.410: [GC (Allocation Failure) 2020-10-28T23:44:46.297+0800: 0.410: [ParNew: 157247K->17470K(157248K), 0.0293372 secs] 326636K->231910K(506816K), 0.0294557 secs] [Times: user=0.16 sys=0.05, real=0.03 secs] 
  2020-10-28T23:44:46.327+0800: 0.440: [GC (CMS Initial Mark) [1 CMS-initial-mark: 214439K(349568K)] 231982K(506816K), 0.0002565 secs] [Times: user=0.00 sys=0.00, real=0.00 secs] 
  2020-10-28T23:44:46.327+0800: 0.440: [CMS-concurrent-mark-start]
  2020-10-28T23:44:46.330+0800: 0.443: [CMS-concurrent-mark: 0.003/0.003 secs] [Times: user=0.00 sys=0.00, real=0.00 secs] 
  2020-10-28T23:44:46.330+0800: 0.443: [CMS-concurrent-preclean-start]
  2020-10-28T23:44:46.331+0800: 0.444: [CMS-concurrent-preclean: 0.001/0.001 secs] [Times: user=0.00 sys=0.00, real=0.00 secs] 
  2020-10-28T23:44:46.331+0800: 0.444: [CMS-concurrent-abortable-preclean-start]
  2020-10-28T23:44:46.354+0800: 0.467: [GC (Allocation Failure) 2020-10-28T23:44:46.354+0800: 0.467: [ParNew: 157103K->17470K(157248K), 0.0242361 secs] 371543K->272184K(506816K), 0.0243835 secs] [Times: user=0.19 sys=0.02, real=0.02 secs] 
  2020-10-28T23:44:46.409+0800: 0.522: [GC (Allocation Failure) 2020-10-28T23:44:46.410+0800: 0.523: [ParNew: 157230K->17471K(157248K), 0.0329772 secs] 411944K->320263K(506816K), 0.0331533 secs] [Times: user=0.14 sys=0.02, real=0.03 secs] 
  2020-10-28T23:44:46.477+0800: 0.590: [GC (Allocation Failure) 2020-10-28T23:44:46.477+0800: 0.590: [ParNew: 157247K->157247K(157248K), 0.0000396 secs]2020-10-28T23:44:46.477+0800: 0.590: [CMS2020-10-28T23:44:46.477+0800: 0.590: [CMS-concurrent-abortable-preclean: 0.004/0.146 secs] [Times: user=0.42 sys=0.03, real=0.15 secs] 
   (concurrent mode failure): 302791K->253627K(349568K), 0.0798961 secs] 460039K->253627K(506816K), [Metaspace: 2679K->2679K(1056768K)], 0.0800670 secs] [Times: user=0.08 sys=0.00, real=0.08 secs] 
  2020-10-28T23:44:46.596+0800: 0.709: [GC (Allocation Failure) 2020-10-28T23:44:46.596+0800: 0.709: [ParNew: 139478K->17470K(157248K), 0.0112341 secs] 393105K->301990K(506816K), 0.0114354 secs] [Times: user=0.09 sys=0.00, real=0.01 secs] 
  2020-10-28T23:44:46.607+0800: 0.720: [GC (CMS Initial Mark) [1 CMS-initial-mark: 284520K(349568K)] 302376K(506816K), 0.0002008 secs] [Times: user=0.00 sys=0.00, real=0.00 secs] 
  2020-10-28T23:44:46.607+0800: 0.721: [CMS-concurrent-mark-start]
  2020-10-28T23:44:46.610+0800: 0.723: [CMS-concurrent-mark: 0.002/0.002 secs] [Times: user=0.00 sys=0.00, real=0.00 secs] 
  2020-10-28T23:44:46.610+0800: 0.723: [CMS-concurrent-preclean-start]
  2020-10-28T23:44:46.611+0800: 0.724: [CMS-concurrent-preclean: 0.001/0.001 secs] [Times: user=0.00 sys=0.00, real=0.00 secs] 
  2020-10-28T23:44:46.611+0800: 0.724: [CMS-concurrent-abortable-preclean-start]
  2020-10-28T23:44:46.641+0800: 0.755: [GC (Allocation Failure) 2020-10-28T23:44:46.642+0800: 0.755: [ParNew: 157090K->17468K(157248K), 0.0273986 secs] 441611K->346090K(506816K), 0.0275351 secs] [Times: user=0.11 sys=0.03, real=0.03 secs] 
  2020-10-28T23:44:46.670+0800: 0.784: [CMS-concurrent-abortable-preclean: 0.002/0.059 secs] [Times: user=0.16 sys=0.03, real=0.06 secs] 
  2020-10-28T23:44:46.671+0800: 0.784: [GC (CMS Final Remark) [YG occupancy: 23532 K (157248 K)]2020-10-28T23:44:46.671+0800: 0.784: [Rescan (parallel) , 0.0003421 secs]2020-10-28T23:44:46.671+0800: 0.784: [weak refs processing, 0.0000311 secs]2020-10-28T23:44:46.671+0800: 0.784: [class unloading, 0.0003358 secs]2020-10-28T23:44:46.671+0800: 0.785: [scrub symbol table, 0.0005478 secs]2020-10-28T23:44:46.672+0800: 0.785: [scrub string table, 0.0001744 secs][1 CMS-remark: 328621K(349568K)] 352154K(506816K), 0.0016218 secs] [Times: user=0.00 sys=0.00, real=0.00 secs] 
  2020-10-28T23:44:46.672+0800: 0.786: [CMS-concurrent-sweep-start]
  2020-10-28T23:44:46.673+0800: 0.787: [CMS-concurrent-sweep: 0.001/0.001 secs] [Times: user=0.00 sys=0.00, real=0.00 secs] 
  2020-10-28T23:44:46.673+0800: 0.787: [CMS-concurrent-reset-start]
  2020-10-28T23:44:46.674+0800: 0.787: [CMS-concurrent-reset: 0.001/0.001 secs] [Times: user=0.00 sys=0.00, real=0.00 secs] 
  2020-10-28T23:44:46.703+0800: 0.816: [GC (Allocation Failure) 2020-10-28T23:44:46.703+0800: 0.816: [ParNew: 157146K->157146K(157248K), 0.0000319 secs]2020-10-28T23:44:46.703+0800: 0.816: [CMS: 296493K->291121K(349568K), 0.0900978 secs] 453640K->291121K(506816K), [Metaspace: 2679K->2679K(1056768K)], 0.0903099 secs] [Times: user=0.09 sys=0.00, real=0.09 secs] 
  2020-10-28T23:44:46.793+0800: 0.907: [GC (CMS Initial Mark) [1 CMS-initial-mark: 291121K(349568K)] 291266K(506816K), 0.0002575 secs] [Times: user=0.00 sys=0.00, real=0.00 secs] 
  2020-10-28T23:44:46.794+0800: 0.907: [CMS-concurrent-mark-start]
  2020-10-28T23:44:46.796+0800: 0.909: [CMS-concurrent-mark: 0.002/0.002 secs] [Times: user=0.00 sys=0.00, real=0.00 secs] 
  2020-10-28T23:44:46.796+0800: 0.909: [CMS-concurrent-preclean-start]
  2020-10-28T23:44:46.797+0800: 0.910: [CMS-concurrent-preclean: 0.001/0.001 secs] [Times: user=0.00 sys=0.00, real=0.00 secs] 
  2020-10-28T23:44:46.797+0800: 0.910: [CMS-concurrent-abortable-preclean-start]
  2020-10-28T23:44:46.824+0800: 0.937: [GC (Allocation Failure) 2020-10-28T23:44:46.824+0800: 0.937: [ParNew: 139776K->17468K(157248K), 0.0115139 secs] 430897K->338600K(506816K), 0.0116708 secs] [Times: user=0.00 sys=0.00, real=0.01 secs] 
  2020-10-28T23:44:46.871+0800: 0.984: [GC (Allocation Failure) 2020-10-28T23:44:46.871+0800: 0.984: [ParNew: 157244K->157244K(157248K), 0.0000453 secs]2020-10-28T23:44:46.871+0800: 0.984: [CMS2020-10-28T23:44:46.871+0800: 0.984: [CMS-concurrent-abortable-preclean: 0.002/0.074 secs] [Times: user=0.08 sys=0.00, real=0.07 secs] 
   (concurrent mode failure): 321132K->311675K(349568K), 0.0888776 secs] 478376K->311675K(506816K), [Metaspace: 2679K->2679K(1056768K)], 0.0890869 secs] [Times: user=0.08 sys=0.00, real=0.09 secs] 
  2020-10-28T23:44:47.007+0800: 1.120: [GC (Allocation Failure) 2020-10-28T23:44:47.007+0800: 1.121: [ParNew: 139776K->17470K(157248K), 0.0146204 secs] 451451K->355061K(506816K), 0.0147780 secs] [Times: user=0.05 sys=0.02, real=0.02 secs] 
  2020-10-28T23:44:47.022+0800: 1.135: [GC (CMS Initial Mark) [1 CMS-initial-mark: 337591K(349568K)] 355205K(506816K), 0.0001459 secs] [Times: user=0.00 sys=0.00, real=0.00 secs] 
  2020-10-28T23:44:47.022+0800: 1.136: [CMS-concurrent-mark-start]
  Heap
   par new generation   total 157248K, used 23466K [0x00000000e0000000, 0x00000000eaaa0000, 0x00000000eaaa0000)
    eden space 139776K,   4% used [0x00000000e0000000, 0x00000000e05db2a8, 0x00000000e8880000)
    from space 17472K,  99% used [0x00000000e9990000, 0x00000000eaa9f8a8, 0x00000000eaaa0000)
    to   space 17472K,   0% used [0x00000000e8880000, 0x00000000e8880000, 0x00000000e9990000)
   concurrent mark-sweep generation total 349568K, used 337591K [0x00000000eaaa0000, 0x0000000100000000, 0x0000000100000000)
   Metaspace       used 2686K, capacity 4486K, committed 4864K, reserved 1056768K
    class space    used 289K, capacity 386K, committed 512K, reserved 1048576K
``

#####4 G1垃圾回收

运行命令：``java -XX:+UseG1GC -Xms512m -Xmx512m -Xloggc:g1.log -XX:+PrintGCDetails -XX:+PrintGCDateStamps GCLogAnalysis`

``Java HotSpot(TM) 64-Bit Server VM (25.181-b13) for windows-amd64 JRE (1.8.0_181-b13), built on Jul  7 2018 04:01:33 by "java_re" with MS VC++ 10.0 (VS2010)
  Memory: 4k page, physical 8244648k(1283564k free), swap 22376356k(5469984k free)
  CommandLine flags: -XX:InitialHeapSize=536870912 -XX:MaxHeapSize=536870912 -XX:+PrintGC -XX:+PrintGCDateStamps -XX:+PrintGCDetails -XX:+PrintGCTimeStamps -XX:+UseCompressedClassPointers -XX:+UseCompressedOops -XX:+UseG1GC -XX:-UseLargePagesIndividualAllocation 
  2020-10-28T23:46:00.877+0800: 0.164: [GC pause (G1 Evacuation Pause) (young), 0.0035209 secs]
     [Parallel Time: 2.3 ms, GC Workers: 8]
        [GC Worker Start (ms): Min: 163.7, Avg: 163.8, Max: 163.9, Diff: 0.1]
        [Ext Root Scanning (ms): Min: 0.1, Avg: 0.1, Max: 0.2, Diff: 0.1, Sum: 1.1]
        [Update RS (ms): Min: 0.0, Avg: 0.0, Max: 0.0, Diff: 0.0, Sum: 0.0]
           [Processed Buffers: Min: 0, Avg: 0.0, Max: 0, Diff: 0, Sum: 0]
        [Scan RS (ms): Min: 0.0, Avg: 0.0, Max: 0.0, Diff: 0.0, Sum: 0.0]
        [Code Root Scanning (ms): Min: 0.0, Avg: 0.0, Max: 0.0, Diff: 0.0, Sum: 0.0]
        [Object Copy (ms): Min: 1.8, Avg: 1.8, Max: 2.0, Diff: 0.2, Sum: 14.7]
        [Termination (ms): Min: 0.0, Avg: 0.2, Max: 0.2, Diff: 0.2, Sum: 1.2]
           [Termination Attempts: Min: 1, Avg: 1.0, Max: 1, Diff: 0, Sum: 8]
        [GC Worker Other (ms): Min: 0.0, Avg: 0.0, Max: 0.0, Diff: 0.0, Sum: 0.2]
        [GC Worker Total (ms): Min: 2.1, Avg: 2.2, Max: 2.2, Diff: 0.1, Sum: 17.3]
        [GC Worker End (ms): Min: 166.0, Avg: 166.0, Max: 166.0, Diff: 0.0]
     [Code Root Fixup: 0.0 ms]
     [Code Root Purge: 0.0 ms]
     [Clear CT: 0.3 ms]
     [Other: 1.0 ms]
        [Choose CSet: 0.0 ms]
        [Ref Proc: 0.2 ms]
        [Ref Enq: 0.0 ms]
        [Redirty Cards: 0.7 ms]
        [Humongous Register: 0.0 ms]
        [Humongous Reclaim: 0.0 ms]
        [Free CSet: 0.0 ms]
     [Eden: 25.0M(25.0M)->0.0B(21.0M) Survivors: 0.0B->4096.0K Heap: 29.3M(512.0M)->12.6M(512.0M)]
   [Times: user=0.00 sys=0.00, real=0.00 secs] 
  2020-10-28T23:46:00.886+0800: 0.173: [GC pause (G1 Evacuation Pause) (young), 0.0045664 secs]
     [Parallel Time: 3.4 ms, GC Workers: 8]
        [GC Worker Start (ms): Min: 173.5, Avg: 173.7, Max: 174.2, Diff: 0.7]
        [Ext Root Scanning (ms): Min: 0.3, Avg: 0.4, Max: 0.7, Diff: 0.5, Sum: 3.3]
        [Update RS (ms): Min: 0.0, Avg: 0.1, Max: 1.0, Diff: 1.0, Sum: 1.2]
           [Processed Buffers: Min: 0, Avg: 0.4, Max: 1, Diff: 1, Sum: 3]
        [Scan RS (ms): Min: 0.0, Avg: 0.0, Max: 0.0, Diff: 0.0, Sum: 0.1]
        [Code Root Scanning (ms): Min: 0.0, Avg: 0.0, Max: 0.1, Diff: 0.1, Sum: 0.1]
        [Object Copy (ms): Min: 1.5, Avg: 2.2, Max: 2.6, Diff: 1.2, Sum: 17.2]
        [Termination (ms): Min: 0.0, Avg: 0.3, Max: 0.6, Diff: 0.6, Sum: 2.1]
           [Termination Attempts: Min: 1, Avg: 1.0, Max: 1, Diff: 0, Sum: 8]
        [GC Worker Other (ms): Min: 0.0, Avg: 0.0, Max: 0.0, Diff: 0.0, Sum: 0.2]
        [GC Worker Total (ms): Min: 2.5, Avg: 3.0, Max: 3.2, Diff: 0.7, Sum: 24.1]
        [GC Worker End (ms): Min: 176.7, Avg: 176.7, Max: 176.7, Diff: 0.0]
     [Code Root Fixup: 0.0 ms]
     [Code Root Purge: 0.0 ms]
     [Clear CT: 0.3 ms]
     [Other: 0.9 ms]
        [Choose CSet: 0.0 ms]
        [Ref Proc: 0.1 ms]
        [Ref Enq: 0.0 ms]
        [Redirty Cards: 0.5 ms]
        [Humongous Register: 0.0 ms]
        [Humongous Reclaim: 0.0 ms]
        [Free CSet: 0.0 ms]
     [Eden: 21.0M(21.0M)->0.0B(34.0M) Survivors: 4096.0K->4096.0K Heap: 36.0M(512.0M)->20.3M(512.0M)]
   [Times: user=0.00 sys=0.00, real=0.01 secs] ``
